Archive member included because of file (symbol)

e:/courses/embeeded system iti/iti training programms/atmel studio/extensions/atmel/avrgcc/3.4.1.95/avrtoolchain/bin/../lib/gcc/avr/4.6.2/../../../../avr/lib/avr5\libm.a(addsf3.o)
                              MCAL/GPT_TIMERS/GPT_prg.o (__subsf3)
e:/courses/embeeded system iti/iti training programms/atmel studio/extensions/atmel/avrgcc/3.4.1.95/avrtoolchain/bin/../lib/gcc/avr/4.6.2/../../../../avr/lib/avr5\libm.a(addsf3x.o)
                              e:/courses/embeeded system iti/iti training programms/atmel studio/extensions/atmel/avrgcc/3.4.1.95/avrtoolchain/bin/../lib/gcc/avr/4.6.2/../../../../avr/lib/avr5\libm.a(addsf3.o) (__addsf3x)
e:/courses/embeeded system iti/iti training programms/atmel studio/extensions/atmel/avrgcc/3.4.1.95/avrtoolchain/bin/../lib/gcc/avr/4.6.2/../../../../avr/lib/avr5\libm.a(divsf3.o)
                              MCAL/GPT_TIMERS/GPT_prg.o (__divsf3)
e:/courses/embeeded system iti/iti training programms/atmel studio/extensions/atmel/avrgcc/3.4.1.95/avrtoolchain/bin/../lib/gcc/avr/4.6.2/../../../../avr/lib/avr5\libm.a(divsf3x.o)
                              e:/courses/embeeded system iti/iti training programms/atmel studio/extensions/atmel/avrgcc/3.4.1.95/avrtoolchain/bin/../lib/gcc/avr/4.6.2/../../../../avr/lib/avr5\libm.a(divsf3.o) (__divsf3x)
e:/courses/embeeded system iti/iti training programms/atmel studio/extensions/atmel/avrgcc/3.4.1.95/avrtoolchain/bin/../lib/gcc/avr/4.6.2/../../../../avr/lib/avr5\libm.a(fixunssfsi.o)
                              MCAL/GPT_TIMERS/GPT_prg.o (__fixunssfsi)
e:/courses/embeeded system iti/iti training programms/atmel studio/extensions/atmel/avrgcc/3.4.1.95/avrtoolchain/bin/../lib/gcc/avr/4.6.2/../../../../avr/lib/avr5\libm.a(floatsisf.o)
                              MCAL/GPT_TIMERS/GPT_prg.o (__floatunsisf)
e:/courses/embeeded system iti/iti training programms/atmel studio/extensions/atmel/avrgcc/3.4.1.95/avrtoolchain/bin/../lib/gcc/avr/4.6.2/../../../../avr/lib/avr5\libm.a(fp_inf.o)
                              e:/courses/embeeded system iti/iti training programms/atmel studio/extensions/atmel/avrgcc/3.4.1.95/avrtoolchain/bin/../lib/gcc/avr/4.6.2/../../../../avr/lib/avr5\libm.a(addsf3x.o) (__fp_inf)
e:/courses/embeeded system iti/iti training programms/atmel studio/extensions/atmel/avrgcc/3.4.1.95/avrtoolchain/bin/../lib/gcc/avr/4.6.2/../../../../avr/lib/avr5\libm.a(fp_nan.o)
                              e:/courses/embeeded system iti/iti training programms/atmel studio/extensions/atmel/avrgcc/3.4.1.95/avrtoolchain/bin/../lib/gcc/avr/4.6.2/../../../../avr/lib/avr5\libm.a(addsf3x.o) (__fp_nan)
e:/courses/embeeded system iti/iti training programms/atmel studio/extensions/atmel/avrgcc/3.4.1.95/avrtoolchain/bin/../lib/gcc/avr/4.6.2/../../../../avr/lib/avr5\libm.a(fp_pscA.o)
                              e:/courses/embeeded system iti/iti training programms/atmel studio/extensions/atmel/avrgcc/3.4.1.95/avrtoolchain/bin/../lib/gcc/avr/4.6.2/../../../../avr/lib/avr5\libm.a(addsf3x.o) (__fp_pscA)
e:/courses/embeeded system iti/iti training programms/atmel studio/extensions/atmel/avrgcc/3.4.1.95/avrtoolchain/bin/../lib/gcc/avr/4.6.2/../../../../avr/lib/avr5\libm.a(fp_pscB.o)
                              e:/courses/embeeded system iti/iti training programms/atmel studio/extensions/atmel/avrgcc/3.4.1.95/avrtoolchain/bin/../lib/gcc/avr/4.6.2/../../../../avr/lib/avr5\libm.a(addsf3x.o) (__fp_pscB)
e:/courses/embeeded system iti/iti training programms/atmel studio/extensions/atmel/avrgcc/3.4.1.95/avrtoolchain/bin/../lib/gcc/avr/4.6.2/../../../../avr/lib/avr5\libm.a(fp_round.o)
                              e:/courses/embeeded system iti/iti training programms/atmel studio/extensions/atmel/avrgcc/3.4.1.95/avrtoolchain/bin/../lib/gcc/avr/4.6.2/../../../../avr/lib/avr5\libm.a(addsf3.o) (__fp_round)
e:/courses/embeeded system iti/iti training programms/atmel studio/extensions/atmel/avrgcc/3.4.1.95/avrtoolchain/bin/../lib/gcc/avr/4.6.2/../../../../avr/lib/avr5\libm.a(fp_split3.o)
                              e:/courses/embeeded system iti/iti training programms/atmel studio/extensions/atmel/avrgcc/3.4.1.95/avrtoolchain/bin/../lib/gcc/avr/4.6.2/../../../../avr/lib/avr5\libm.a(addsf3x.o) (__fp_split3)
e:/courses/embeeded system iti/iti training programms/atmel studio/extensions/atmel/avrgcc/3.4.1.95/avrtoolchain/bin/../lib/gcc/avr/4.6.2/../../../../avr/lib/avr5\libm.a(fp_zero.o)
                              e:/courses/embeeded system iti/iti training programms/atmel studio/extensions/atmel/avrgcc/3.4.1.95/avrtoolchain/bin/../lib/gcc/avr/4.6.2/../../../../avr/lib/avr5\libm.a(addsf3x.o) (__fp_zero)
e:/courses/embeeded system iti/iti training programms/atmel studio/extensions/atmel/avrgcc/3.4.1.95/avrtoolchain/bin/../lib/gcc/avr/4.6.2/../../../../avr/lib/avr5\libm.a(mulsf3.o)
                              MCAL/GPT_TIMERS/GPT_prg.o (__mulsf3)
e:/courses/embeeded system iti/iti training programms/atmel studio/extensions/atmel/avrgcc/3.4.1.95/avrtoolchain/bin/../lib/gcc/avr/4.6.2/../../../../avr/lib/avr5\libm.a(mulsf3x.o)
                              e:/courses/embeeded system iti/iti training programms/atmel studio/extensions/atmel/avrgcc/3.4.1.95/avrtoolchain/bin/../lib/gcc/avr/4.6.2/../../../../avr/lib/avr5\libm.a(mulsf3.o) (__mulsf3x)
e:/courses/embeeded system iti/iti training programms/atmel studio/extensions/atmel/avrgcc/3.4.1.95/avrtoolchain/bin/../lib/gcc/avr/4.6.2/avr5\libgcc.a(_udivmodqi4.o)
                              App/Real-Time-Clock.o (__udivmodqi4)
e:/courses/embeeded system iti/iti training programms/atmel studio/extensions/atmel/avrgcc/3.4.1.95/avrtoolchain/bin/../lib/gcc/avr/4.6.2/avr5\libgcc.a(_udivmodsi4.o)
                              HAL/LCD/LCD_prg.o (__udivmodsi4)
e:/courses/embeeded system iti/iti training programms/atmel studio/extensions/atmel/avrgcc/3.4.1.95/avrtoolchain/bin/../lib/gcc/avr/4.6.2/avr5\libgcc.a(_exit.o)
                              e:/courses/embeeded system iti/iti training programms/atmel studio/extensions/atmel/avrgcc/3.4.1.95/avrtoolchain/bin/../lib/gcc/avr/4.6.2/../../../../avr/lib/avr5/crtm32.o (exit)
e:/courses/embeeded system iti/iti training programms/atmel studio/extensions/atmel/avrgcc/3.4.1.95/avrtoolchain/bin/../lib/gcc/avr/4.6.2/avr5\libgcc.a(_copy_data.o)
                              App/Real-Time-Clock.o (__do_copy_data)
e:/courses/embeeded system iti/iti training programms/atmel studio/extensions/atmel/avrgcc/3.4.1.95/avrtoolchain/bin/../lib/gcc/avr/4.6.2/avr5\libgcc.a(_clear_bss.o)
                              App/Real-Time-Clock.o (__do_clear_bss)

Allocating common symbols
Common symbol       size              file

GPT_strISR          0x8               MCAL/GPT_TIMERS/GPT_prg.o

Memory Configuration

Name             Origin             Length             Attributes
text             0x00000000         0x00020000         xr
data             0x00800060         0x0000ffa0         rw !x
eeprom           0x00810000         0x00010000         rw !x
fuse             0x00820000         0x00000400         rw !x
lock             0x00830000         0x00000400         rw !x
signature        0x00840000         0x00000400         rw !x
*default*        0x00000000         0xffffffff

Linker script and memory map

LOAD e:/courses/embeeded system iti/iti training programms/atmel studio/extensions/atmel/avrgcc/3.4.1.95/avrtoolchain/bin/../lib/gcc/avr/4.6.2/../../../../avr/lib/avr5/crtm32.o
LOAD App/Real-Time-Clock.o
LOAD HAL/7-Segment/SevSegment_prg.o
LOAD HAL/KeyPad/KEYPAD_cfg.o
LOAD HAL/KeyPad/KEYPAD_prg.o
LOAD HAL/LCD/LCD_prg.o
LOAD HAL/PORT/PORT_prg.o
LOAD MCAL/DIO/DIO_prg.o
LOAD MCAL/Global_Interrupt/Global_Interrupt_prg.o
LOAD MCAL/GPT_TIMERS/GPT_prg.o
START GROUP
LOAD e:/courses/embeeded system iti/iti training programms/atmel studio/extensions/atmel/avrgcc/3.4.1.95/avrtoolchain/bin/../lib/gcc/avr/4.6.2/../../../../avr/lib/avr5\libm.a
END GROUP
LOAD e:/courses/embeeded system iti/iti training programms/atmel studio/extensions/atmel/avrgcc/3.4.1.95/avrtoolchain/bin/../lib/gcc/avr/4.6.2/avr5\libgcc.a
LOAD e:/courses/embeeded system iti/iti training programms/atmel studio/extensions/atmel/avrgcc/3.4.1.95/avrtoolchain/bin/../lib/gcc/avr/4.6.2/../../../../avr/lib/avr5\libc.a
LOAD e:/courses/embeeded system iti/iti training programms/atmel studio/extensions/atmel/avrgcc/3.4.1.95/avrtoolchain/bin/../lib/gcc/avr/4.6.2/avr5\libgcc.a

.hash
 *(.hash)

.dynsym
 *(.dynsym)

.dynstr
 *(.dynstr)

.gnu.version
 *(.gnu.version)

.gnu.version_d
 *(.gnu.version_d)

.gnu.version_r
 *(.gnu.version_r)

.rel.init
 *(.rel.init)

.rela.init
 *(.rela.init)

.rel.text
 *(.rel.text)
 *(.rel.text.*)
 *(.rel.gnu.linkonce.t*)

.rela.text
 *(.rela.text)
 *(.rela.text.*)
 *(.rela.gnu.linkonce.t*)

.rel.fini
 *(.rel.fini)

.rela.fini
 *(.rela.fini)

.rel.rodata
 *(.rel.rodata)
 *(.rel.rodata.*)
 *(.rel.gnu.linkonce.r*)

.rela.rodata
 *(.rela.rodata)
 *(.rela.rodata.*)
 *(.rela.gnu.linkonce.r*)

.rel.data
 *(.rel.data)
 *(.rel.data.*)
 *(.rel.gnu.linkonce.d*)

.rela.data
 *(.rela.data)
 *(.rela.data.*)
 *(.rela.gnu.linkonce.d*)

.rel.ctors
 *(.rel.ctors)

.rela.ctors
 *(.rela.ctors)

.rel.dtors
 *(.rel.dtors)

.rela.dtors
 *(.rela.dtors)

.rel.got
 *(.rel.got)

.rela.got
 *(.rela.got)

.rel.bss
 *(.rel.bss)

.rela.bss
 *(.rela.bss)

.rel.plt
 *(.rel.plt)

.rela.plt
 *(.rela.plt)

.text           0x00000000     0x206e
 *(.vectors)
 .vectors       0x00000000       0x54 e:/courses/embeeded system iti/iti training programms/atmel studio/extensions/atmel/avrgcc/3.4.1.95/avrtoolchain/bin/../lib/gcc/avr/4.6.2/../../../../avr/lib/avr5/crtm32.o
                0x00000000                __vector_default
                0x00000000                __vectors
 *(.vectors)
 *(.progmem.gcc*)
 *(.progmem*)
                0x00000054                . = ALIGN (0x2)
                0x00000054                __trampolines_start = .
 *(.trampolines)
 .trampolines   0x00000054        0x0 linker stubs
 *(.trampolines*)
                0x00000054                __trampolines_end = .
 *(.jumptables)
 *(.jumptables*)
 *(.lowtext)
 *(.lowtext*)
                0x00000054                __ctors_start = .
 *(.ctors)
                0x00000054                __ctors_end = .
                0x00000054                __dtors_start = .
 *(.dtors)
                0x00000054                __dtors_end = .
 SORT(*)(.ctors)
 SORT(*)(.dtors)
 *(.init0)
 .init0         0x00000054        0x0 e:/courses/embeeded system iti/iti training programms/atmel studio/extensions/atmel/avrgcc/3.4.1.95/avrtoolchain/bin/../lib/gcc/avr/4.6.2/../../../../avr/lib/avr5/crtm32.o
                0x00000054                __init
 *(.init0)
 *(.init1)
 *(.init1)
 *(.init2)
 .init2         0x00000054        0xc e:/courses/embeeded system iti/iti training programms/atmel studio/extensions/atmel/avrgcc/3.4.1.95/avrtoolchain/bin/../lib/gcc/avr/4.6.2/../../../../avr/lib/avr5/crtm32.o
 *(.init2)
 *(.init3)
 *(.init3)
 *(.init4)
 .init4         0x00000060       0x16 e:/courses/embeeded system iti/iti training programms/atmel studio/extensions/atmel/avrgcc/3.4.1.95/avrtoolchain/bin/../lib/gcc/avr/4.6.2/avr5\libgcc.a(_copy_data.o)
                0x00000060                __do_copy_data
 .init4         0x00000076       0x10 e:/courses/embeeded system iti/iti training programms/atmel studio/extensions/atmel/avrgcc/3.4.1.95/avrtoolchain/bin/../lib/gcc/avr/4.6.2/avr5\libgcc.a(_clear_bss.o)
                0x00000076                __do_clear_bss
 *(.init4)
 *(.init5)
 *(.init5)
 *(.init6)
 *(.init6)
 *(.init7)
 *(.init7)
 *(.init8)
 *(.init8)
 *(.init9)
 .init9         0x00000086        0x8 e:/courses/embeeded system iti/iti training programms/atmel studio/extensions/atmel/avrgcc/3.4.1.95/avrtoolchain/bin/../lib/gcc/avr/4.6.2/../../../../avr/lib/avr5/crtm32.o
 *(.init9)
 *(.text)
 .text          0x0000008e        0x4 e:/courses/embeeded system iti/iti training programms/atmel studio/extensions/atmel/avrgcc/3.4.1.95/avrtoolchain/bin/../lib/gcc/avr/4.6.2/../../../../avr/lib/avr5/crtm32.o
                0x0000008e                __vector_1
                0x0000008e                __vector_12
                0x0000008e                __bad_interrupt
                0x0000008e                __vector_6
                0x0000008e                __vector_3
                0x0000008e                __vector_13
                0x0000008e                __vector_17
                0x0000008e                __vector_19
                0x0000008e                __vector_2
                0x0000008e                __vector_15
                0x0000008e                __vector_14
                0x0000008e                __vector_16
                0x0000008e                __vector_18
                0x0000008e                __vector_20
 .text          0x00000092      0x568 App/Real-Time-Clock.o
                0x00000092                CBF1
                0x000000d6                main
 .text          0x000005fa      0x102 HAL/7-Segment/SevSegment_prg.o
                0x000005fa                SevSegment_enuDisplayNumber
                0x000006ae                SevSegment_enuDisplayNumber_BCD
 .text          0x000006fc        0x0 HAL/KeyPad/KEYPAD_cfg.o
 .text          0x000006fc      0x156 HAL/KeyPad/KEYPAD_prg.o
                0x000006fc                KEYPAD_vidInit
                0x00000702                KEYPAD_enuGetPressedKey
 .text          0x00000852      0x4e4 HAL/LCD/LCD_prg.o
                0x00000874                LCD_enuSendCharacter
                0x0000093a                LCD_enuSendInstruction
                0x00000a02                LCD_VidInit
                0x00000a5e                LCD_enuGoTo
                0x00000a94                LCD_enuSendString
                0x00000abe                LCD_enuSendCustomCharacter
                0x00000b46                LCD_enuSendNumber
                0x00000c04                LCD_vidPrintMyName
 .text          0x00000d36        0x6 HAL/PORT/PORT_prg.o
                0x00000d36                PORT_vidInit
 .text          0x00000d3c      0x354 MCAL/DIO/DIO_prg.o
                0x00000d3c                DIO_vidInit
                0x00000d54                DIO_enuSetPinValue
                0x00000e80                DIO_enuGetPinValue
                0x00000f28                DIO_enuSetPortValue
                0x00000f5e                DIO_enuGetPortValue
                0x00000fae                DIO_enuTogglePort
                0x00000ff4                DIO_enuTogglePin
 .text          0x00001090        0xc MCAL/Global_Interrupt/Global_Interrupt_prg.o
                0x00001090                INT_vidEnableGlobalINT
                0x00001098                INT_vidDisableGlobalINT
 .text          0x0000109c      0xb9e MCAL/GPT_TIMERS/GPT_prg.o
                0x0000109c                GPT_enuConfigure
                0x00001184                GPT_enuDelay_ms
                0x00001270                GPT_enuStartTimer
                0x00001598                GPT_enuStopTimer
                0x000015d8                GPT_enuRegisterCBF
                0x00001644                GPT_enuStartTimer_MultiTimes
                0x000016ee                GPT_enuRegisterCBF_MultiTimes
                0x00001774                __vector_10
                0x00001888                __vector_7
                0x0000190c                __vector_8
                0x00001982                __vector_4
                0x00001a96                __vector_11
                0x00001b20                __vector_9
                0x00001bb0                __vector_5
 .text          0x00001c3a        0x0 e:/courses/embeeded system iti/iti training programms/atmel studio/extensions/atmel/avrgcc/3.4.1.95/avrtoolchain/bin/../lib/gcc/avr/4.6.2/../../../../avr/lib/avr5\libm.a(addsf3.o)
 .text          0x00001c3a        0x0 e:/courses/embeeded system iti/iti training programms/atmel studio/extensions/atmel/avrgcc/3.4.1.95/avrtoolchain/bin/../lib/gcc/avr/4.6.2/../../../../avr/lib/avr5\libm.a(addsf3x.o)
 .text          0x00001c3a        0x0 e:/courses/embeeded system iti/iti training programms/atmel studio/extensions/atmel/avrgcc/3.4.1.95/avrtoolchain/bin/../lib/gcc/avr/4.6.2/../../../../avr/lib/avr5\libm.a(divsf3.o)
 .text          0x00001c3a        0x0 e:/courses/embeeded system iti/iti training programms/atmel studio/extensions/atmel/avrgcc/3.4.1.95/avrtoolchain/bin/../lib/gcc/avr/4.6.2/../../../../avr/lib/avr5\libm.a(divsf3x.o)
 .text          0x00001c3a        0x0 e:/courses/embeeded system iti/iti training programms/atmel studio/extensions/atmel/avrgcc/3.4.1.95/avrtoolchain/bin/../lib/gcc/avr/4.6.2/../../../../avr/lib/avr5\libm.a(fixunssfsi.o)
 .text          0x00001c3a        0x0 e:/courses/embeeded system iti/iti training programms/atmel studio/extensions/atmel/avrgcc/3.4.1.95/avrtoolchain/bin/../lib/gcc/avr/4.6.2/../../../../avr/lib/avr5\libm.a(floatsisf.o)
 .text          0x00001c3a        0x0 e:/courses/embeeded system iti/iti training programms/atmel studio/extensions/atmel/avrgcc/3.4.1.95/avrtoolchain/bin/../lib/gcc/avr/4.6.2/../../../../avr/lib/avr5\libm.a(fp_inf.o)
 .text          0x00001c3a        0x0 e:/courses/embeeded system iti/iti training programms/atmel studio/extensions/atmel/avrgcc/3.4.1.95/avrtoolchain/bin/../lib/gcc/avr/4.6.2/../../../../avr/lib/avr5\libm.a(fp_nan.o)
 .text          0x00001c3a        0x0 e:/courses/embeeded system iti/iti training programms/atmel studio/extensions/atmel/avrgcc/3.4.1.95/avrtoolchain/bin/../lib/gcc/avr/4.6.2/../../../../avr/lib/avr5\libm.a(fp_pscA.o)
 .text          0x00001c3a        0x0 e:/courses/embeeded system iti/iti training programms/atmel studio/extensions/atmel/avrgcc/3.4.1.95/avrtoolchain/bin/../lib/gcc/avr/4.6.2/../../../../avr/lib/avr5\libm.a(fp_pscB.o)
 .text          0x00001c3a        0x0 e:/courses/embeeded system iti/iti training programms/atmel studio/extensions/atmel/avrgcc/3.4.1.95/avrtoolchain/bin/../lib/gcc/avr/4.6.2/../../../../avr/lib/avr5\libm.a(fp_round.o)
 .text          0x00001c3a        0x0 e:/courses/embeeded system iti/iti training programms/atmel studio/extensions/atmel/avrgcc/3.4.1.95/avrtoolchain/bin/../lib/gcc/avr/4.6.2/../../../../avr/lib/avr5\libm.a(fp_split3.o)
 .text          0x00001c3a        0x0 e:/courses/embeeded system iti/iti training programms/atmel studio/extensions/atmel/avrgcc/3.4.1.95/avrtoolchain/bin/../lib/gcc/avr/4.6.2/../../../../avr/lib/avr5\libm.a(fp_zero.o)
 .text          0x00001c3a        0x0 e:/courses/embeeded system iti/iti training programms/atmel studio/extensions/atmel/avrgcc/3.4.1.95/avrtoolchain/bin/../lib/gcc/avr/4.6.2/../../../../avr/lib/avr5\libm.a(mulsf3.o)
 .text          0x00001c3a        0x0 e:/courses/embeeded system iti/iti training programms/atmel studio/extensions/atmel/avrgcc/3.4.1.95/avrtoolchain/bin/../lib/gcc/avr/4.6.2/../../../../avr/lib/avr5\libm.a(mulsf3x.o)
 .text          0x00001c3a        0x0 e:/courses/embeeded system iti/iti training programms/atmel studio/extensions/atmel/avrgcc/3.4.1.95/avrtoolchain/bin/../lib/gcc/avr/4.6.2/avr5\libgcc.a(_udivmodqi4.o)
 .text          0x00001c3a        0x0 e:/courses/embeeded system iti/iti training programms/atmel studio/extensions/atmel/avrgcc/3.4.1.95/avrtoolchain/bin/../lib/gcc/avr/4.6.2/avr5\libgcc.a(_udivmodsi4.o)
 .text          0x00001c3a        0x0 e:/courses/embeeded system iti/iti training programms/atmel studio/extensions/atmel/avrgcc/3.4.1.95/avrtoolchain/bin/../lib/gcc/avr/4.6.2/avr5\libgcc.a(_exit.o)
 .text          0x00001c3a        0x0 e:/courses/embeeded system iti/iti training programms/atmel studio/extensions/atmel/avrgcc/3.4.1.95/avrtoolchain/bin/../lib/gcc/avr/4.6.2/avr5\libgcc.a(_copy_data.o)
 .text          0x00001c3a        0x0 e:/courses/embeeded system iti/iti training programms/atmel studio/extensions/atmel/avrgcc/3.4.1.95/avrtoolchain/bin/../lib/gcc/avr/4.6.2/avr5\libgcc.a(_clear_bss.o)
                0x00001c3a                . = ALIGN (0x2)
 *(.text.*)
 .text.avr-libc.fplib
                0x00001c3a        0xa e:/courses/embeeded system iti/iti training programms/atmel studio/extensions/atmel/avrgcc/3.4.1.95/avrtoolchain/bin/../lib/gcc/avr/4.6.2/../../../../avr/lib/avr5\libm.a(addsf3.o)
                0x00001c3a                __subsf3
                0x00001c3c                __addsf3
 .text.avr-libc.fplib
                0x00001c44       0xc0 e:/courses/embeeded system iti/iti training programms/atmel studio/extensions/atmel/avrgcc/3.4.1.95/avrtoolchain/bin/../lib/gcc/avr/4.6.2/../../../../avr/lib/avr5\libm.a(addsf3x.o)
                0x00001c5e                __addsf3x
 .text.avr-libc.fplib
                0x00001d04        0x4 e:/courses/embeeded system iti/iti training programms/atmel studio/extensions/atmel/avrgcc/3.4.1.95/avrtoolchain/bin/../lib/gcc/avr/4.6.2/../../../../avr/lib/avr5\libm.a(divsf3.o)
                0x00001d04                __divsf3
 .text.avr-libc.fplib
                0x00001d08       0xcc e:/courses/embeeded system iti/iti training programms/atmel studio/extensions/atmel/avrgcc/3.4.1.95/avrtoolchain/bin/../lib/gcc/avr/4.6.2/../../../../avr/lib/avr5\libm.a(divsf3x.o)
                0x00001d1e                __divsf3x
                0x00001d22                __divsf3_pse
 .text.avr-libc.fplib
                0x00001dd4       0x58 e:/courses/embeeded system iti/iti training programms/atmel studio/extensions/atmel/avrgcc/3.4.1.95/avrtoolchain/bin/../lib/gcc/avr/4.6.2/../../../../avr/lib/avr5\libm.a(fixunssfsi.o)
                0x00001dd4                __fixunssfsi
 .text.avr-libc.fplib
                0x00001e2c       0x7a e:/courses/embeeded system iti/iti training programms/atmel studio/extensions/atmel/avrgcc/3.4.1.95/avrtoolchain/bin/../lib/gcc/avr/4.6.2/../../../../avr/lib/avr5\libm.a(floatsisf.o)
                0x00001e2c                __floatunsisf
                0x00001e30                __floatsisf
 .text.avr-libc.fplib
                0x00001ea6        0xc e:/courses/embeeded system iti/iti training programms/atmel studio/extensions/atmel/avrgcc/3.4.1.95/avrtoolchain/bin/../lib/gcc/avr/4.6.2/../../../../avr/lib/avr5\libm.a(fp_inf.o)
                0x00001ea6                __fp_inf
 .text.avr-libc.fplib
                0x00001eb2        0x6 e:/courses/embeeded system iti/iti training programms/atmel studio/extensions/atmel/avrgcc/3.4.1.95/avrtoolchain/bin/../lib/gcc/avr/4.6.2/../../../../avr/lib/avr5\libm.a(fp_nan.o)
                0x00001eb2                __fp_nan
 .text.avr-libc.fplib
                0x00001eb8        0xe e:/courses/embeeded system iti/iti training programms/atmel studio/extensions/atmel/avrgcc/3.4.1.95/avrtoolchain/bin/../lib/gcc/avr/4.6.2/../../../../avr/lib/avr5\libm.a(fp_pscA.o)
                0x00001eb8                __fp_pscA
 .text.avr-libc.fplib
                0x00001ec6        0xe e:/courses/embeeded system iti/iti training programms/atmel studio/extensions/atmel/avrgcc/3.4.1.95/avrtoolchain/bin/../lib/gcc/avr/4.6.2/../../../../avr/lib/avr5\libm.a(fp_pscB.o)
                0x00001ec6                __fp_pscB
 .text.avr-libc.fplib
                0x00001ed4       0x22 e:/courses/embeeded system iti/iti training programms/atmel studio/extensions/atmel/avrgcc/3.4.1.95/avrtoolchain/bin/../lib/gcc/avr/4.6.2/../../../../avr/lib/avr5\libm.a(fp_round.o)
                0x00001ed4                __fp_round
 .text.avr-libc.fplib
                0x00001ef6       0x44 e:/courses/embeeded system iti/iti training programms/atmel studio/extensions/atmel/avrgcc/3.4.1.95/avrtoolchain/bin/../lib/gcc/avr/4.6.2/../../../../avr/lib/avr5\libm.a(fp_split3.o)
                0x00001ef6                __fp_split3
                0x00001f06                __fp_splitA
 .text.avr-libc.fplib
                0x00001f3a        0xe e:/courses/embeeded system iti/iti training programms/atmel studio/extensions/atmel/avrgcc/3.4.1.95/avrtoolchain/bin/../lib/gcc/avr/4.6.2/../../../../avr/lib/avr5\libm.a(fp_zero.o)
                0x00001f3a                __fp_zero
                0x00001f3c                __fp_szero
 .text.avr-libc.fplib
                0x00001f48        0x4 e:/courses/embeeded system iti/iti training programms/atmel studio/extensions/atmel/avrgcc/3.4.1.95/avrtoolchain/bin/../lib/gcc/avr/4.6.2/../../../../avr/lib/avr5\libm.a(mulsf3.o)
                0x00001f48                __mulsf3
 .text.avr-libc.fplib
                0x00001f4c       0xc2 e:/courses/embeeded system iti/iti training programms/atmel studio/extensions/atmel/avrgcc/3.4.1.95/avrtoolchain/bin/../lib/gcc/avr/4.6.2/../../../../avr/lib/avr5\libm.a(mulsf3x.o)
                0x00001f60                __mulsf3x
                0x00001f64                __mulsf3_pse
 .text.libgcc   0x0000200e       0x18 e:/courses/embeeded system iti/iti training programms/atmel studio/extensions/atmel/avrgcc/3.4.1.95/avrtoolchain/bin/../lib/gcc/avr/4.6.2/avr5\libgcc.a(_udivmodqi4.o)
                0x0000200e                __udivmodqi4
 .text.libgcc   0x00002026       0x44 e:/courses/embeeded system iti/iti training programms/atmel studio/extensions/atmel/avrgcc/3.4.1.95/avrtoolchain/bin/../lib/gcc/avr/4.6.2/avr5\libgcc.a(_udivmodsi4.o)
                0x00002026                __udivmodsi4
 .text.libgcc   0x0000206a        0x0 e:/courses/embeeded system iti/iti training programms/atmel studio/extensions/atmel/avrgcc/3.4.1.95/avrtoolchain/bin/../lib/gcc/avr/4.6.2/avr5\libgcc.a(_exit.o)
 .text.libgcc   0x0000206a        0x0 e:/courses/embeeded system iti/iti training programms/atmel studio/extensions/atmel/avrgcc/3.4.1.95/avrtoolchain/bin/../lib/gcc/avr/4.6.2/avr5\libgcc.a(_copy_data.o)
 .text.libgcc   0x0000206a        0x0 e:/courses/embeeded system iti/iti training programms/atmel studio/extensions/atmel/avrgcc/3.4.1.95/avrtoolchain/bin/../lib/gcc/avr/4.6.2/avr5\libgcc.a(_clear_bss.o)
                0x0000206a                . = ALIGN (0x2)
 *(.fini9)
 .fini9         0x0000206a        0x0 e:/courses/embeeded system iti/iti training programms/atmel studio/extensions/atmel/avrgcc/3.4.1.95/avrtoolchain/bin/../lib/gcc/avr/4.6.2/avr5\libgcc.a(_exit.o)
                0x0000206a                _exit
                0x0000206a                exit
 *(.fini9)
 *(.fini8)
 *(.fini8)
 *(.fini7)
 *(.fini7)
 *(.fini6)
 *(.fini6)
 *(.fini5)
 *(.fini5)
 *(.fini4)
 *(.fini4)
 *(.fini3)
 *(.fini3)
 *(.fini2)
 *(.fini2)
 *(.fini1)
 *(.fini1)
 *(.fini0)
 .fini0         0x0000206a        0x4 e:/courses/embeeded system iti/iti training programms/atmel studio/extensions/atmel/avrgcc/3.4.1.95/avrtoolchain/bin/../lib/gcc/avr/4.6.2/avr5\libgcc.a(_exit.o)
 *(.fini0)
                0x0000206e                _etext = .

.data           0x00800060       0x9c load address 0x0000206e
                0x00800060                PROVIDE (__data_start, .)
 *(.data)
 .data          0x00800060        0x0 e:/courses/embeeded system iti/iti training programms/atmel studio/extensions/atmel/avrgcc/3.4.1.95/avrtoolchain/bin/../lib/gcc/avr/4.6.2/../../../../avr/lib/avr5/crtm32.o
 .data          0x00800060       0x41 App/Real-Time-Clock.o
 .data          0x008000a1        0x0 HAL/7-Segment/SevSegment_prg.o
 .data          0x008000a1       0x22 HAL/KeyPad/KEYPAD_cfg.o
                0x008000a1                KEYPAD_au8ColsPORT
                0x008000a5                KEYPAD_au8ColsPins
                0x008000a9                KEYPAD_au8RowsPORT
                0x008000ad                KEYPAD_au8RowsPins
                0x008000b1                KEYPAD_au8Buttons
                0x008000c1                col
                0x008000c2                row
 .data          0x008000c3        0x0 HAL/KeyPad/KEYPAD_prg.o
 .data          0x008000c3        0x0 HAL/LCD/LCD_prg.o
 .data          0x008000c3        0x0 HAL/PORT/PORT_prg.o
 .data          0x008000c3        0x0 MCAL/DIO/DIO_prg.o
 .data          0x008000c3        0x0 MCAL/Global_Interrupt/Global_Interrupt_prg.o
 .data          0x008000c3       0x38 MCAL/GPT_TIMERS/GPT_prg.o
 .data          0x008000fb        0x0 e:/courses/embeeded system iti/iti training programms/atmel studio/extensions/atmel/avrgcc/3.4.1.95/avrtoolchain/bin/../lib/gcc/avr/4.6.2/../../../../avr/lib/avr5\libm.a(addsf3.o)
 .data          0x008000fb        0x0 e:/courses/embeeded system iti/iti training programms/atmel studio/extensions/atmel/avrgcc/3.4.1.95/avrtoolchain/bin/../lib/gcc/avr/4.6.2/../../../../avr/lib/avr5\libm.a(addsf3x.o)
 .data          0x008000fb        0x0 e:/courses/embeeded system iti/iti training programms/atmel studio/extensions/atmel/avrgcc/3.4.1.95/avrtoolchain/bin/../lib/gcc/avr/4.6.2/../../../../avr/lib/avr5\libm.a(divsf3.o)
 .data          0x008000fb        0x0 e:/courses/embeeded system iti/iti training programms/atmel studio/extensions/atmel/avrgcc/3.4.1.95/avrtoolchain/bin/../lib/gcc/avr/4.6.2/../../../../avr/lib/avr5\libm.a(divsf3x.o)
 .data          0x008000fb        0x0 e:/courses/embeeded system iti/iti training programms/atmel studio/extensions/atmel/avrgcc/3.4.1.95/avrtoolchain/bin/../lib/gcc/avr/4.6.2/../../../../avr/lib/avr5\libm.a(fixunssfsi.o)
 .data          0x008000fb        0x0 e:/courses/embeeded system iti/iti training programms/atmel studio/extensions/atmel/avrgcc/3.4.1.95/avrtoolchain/bin/../lib/gcc/avr/4.6.2/../../../../avr/lib/avr5\libm.a(floatsisf.o)
 .data          0x008000fb        0x0 e:/courses/embeeded system iti/iti training programms/atmel studio/extensions/atmel/avrgcc/3.4.1.95/avrtoolchain/bin/../lib/gcc/avr/4.6.2/../../../../avr/lib/avr5\libm.a(fp_inf.o)
 .data          0x008000fb        0x0 e:/courses/embeeded system iti/iti training programms/atmel studio/extensions/atmel/avrgcc/3.4.1.95/avrtoolchain/bin/../lib/gcc/avr/4.6.2/../../../../avr/lib/avr5\libm.a(fp_nan.o)
 .data          0x008000fb        0x0 e:/courses/embeeded system iti/iti training programms/atmel studio/extensions/atmel/avrgcc/3.4.1.95/avrtoolchain/bin/../lib/gcc/avr/4.6.2/../../../../avr/lib/avr5\libm.a(fp_pscA.o)
 .data          0x008000fb        0x0 e:/courses/embeeded system iti/iti training programms/atmel studio/extensions/atmel/avrgcc/3.4.1.95/avrtoolchain/bin/../lib/gcc/avr/4.6.2/../../../../avr/lib/avr5\libm.a(fp_pscB.o)
 .data          0x008000fb        0x0 e:/courses/embeeded system iti/iti training programms/atmel studio/extensions/atmel/avrgcc/3.4.1.95/avrtoolchain/bin/../lib/gcc/avr/4.6.2/../../../../avr/lib/avr5\libm.a(fp_round.o)
 .data          0x008000fb        0x0 e:/courses/embeeded system iti/iti training programms/atmel studio/extensions/atmel/avrgcc/3.4.1.95/avrtoolchain/bin/../lib/gcc/avr/4.6.2/../../../../avr/lib/avr5\libm.a(fp_split3.o)
 .data          0x008000fb        0x0 e:/courses/embeeded system iti/iti training programms/atmel studio/extensions/atmel/avrgcc/3.4.1.95/avrtoolchain/bin/../lib/gcc/avr/4.6.2/../../../../avr/lib/avr5\libm.a(fp_zero.o)
 .data          0x008000fb        0x0 e:/courses/embeeded system iti/iti training programms/atmel studio/extensions/atmel/avrgcc/3.4.1.95/avrtoolchain/bin/../lib/gcc/avr/4.6.2/../../../../avr/lib/avr5\libm.a(mulsf3.o)
 .data          0x008000fb        0x0 e:/courses/embeeded system iti/iti training programms/atmel studio/extensions/atmel/avrgcc/3.4.1.95/avrtoolchain/bin/../lib/gcc/avr/4.6.2/../../../../avr/lib/avr5\libm.a(mulsf3x.o)
 .data          0x008000fb        0x0 e:/courses/embeeded system iti/iti training programms/atmel studio/extensions/atmel/avrgcc/3.4.1.95/avrtoolchain/bin/../lib/gcc/avr/4.6.2/avr5\libgcc.a(_udivmodqi4.o)
 .data          0x008000fb        0x0 e:/courses/embeeded system iti/iti training programms/atmel studio/extensions/atmel/avrgcc/3.4.1.95/avrtoolchain/bin/../lib/gcc/avr/4.6.2/avr5\libgcc.a(_udivmodsi4.o)
 .data          0x008000fb        0x0 e:/courses/embeeded system iti/iti training programms/atmel studio/extensions/atmel/avrgcc/3.4.1.95/avrtoolchain/bin/../lib/gcc/avr/4.6.2/avr5\libgcc.a(_exit.o)
 .data          0x008000fb        0x0 e:/courses/embeeded system iti/iti training programms/atmel studio/extensions/atmel/avrgcc/3.4.1.95/avrtoolchain/bin/../lib/gcc/avr/4.6.2/avr5\libgcc.a(_copy_data.o)
 .data          0x008000fb        0x0 e:/courses/embeeded system iti/iti training programms/atmel studio/extensions/atmel/avrgcc/3.4.1.95/avrtoolchain/bin/../lib/gcc/avr/4.6.2/avr5\libgcc.a(_clear_bss.o)
 *(.data*)
 *(.rodata)
 *(.rodata*)
 *(.gnu.linkonce.d*)
                0x008000fc                . = ALIGN (0x2)
 *fill*         0x008000fb        0x1 00
                0x008000fc                _edata = .
                0x008000fc                PROVIDE (__data_end, .)

.bss            0x008000fc       0x4a
                0x008000fc                PROVIDE (__bss_start, .)
 *(.bss)
 .bss           0x008000fc        0x0 e:/courses/embeeded system iti/iti training programms/atmel studio/extensions/atmel/avrgcc/3.4.1.95/avrtoolchain/bin/../lib/gcc/avr/4.6.2/../../../../avr/lib/avr5/crtm32.o
 .bss           0x008000fc        0x3 App/Real-Time-Clock.o
                0x008000fc                Global_u8Counter_Hours
                0x008000fd                Global_u8Counter_Minutes
                0x008000fe                Global_u8Counter_Seconds
 .bss           0x008000ff        0x0 HAL/7-Segment/SevSegment_prg.o
 .bss           0x008000ff        0x0 HAL/KeyPad/KEYPAD_cfg.o
 .bss           0x008000ff        0x0 HAL/KeyPad/KEYPAD_prg.o
 .bss           0x008000ff        0x0 HAL/LCD/LCD_prg.o
 .bss           0x008000ff        0x0 HAL/PORT/PORT_prg.o
 .bss           0x008000ff        0x0 MCAL/DIO/DIO_prg.o
 .bss           0x008000ff        0x0 MCAL/Global_Interrupt/Global_Interrupt_prg.o
 .bss           0x008000ff       0x3f MCAL/GPT_TIMERS/GPT_prg.o
                0x008000ff                GPT_pfunTIMER2_2
                0x00800101                GPT_pfunTIMER2_1
                0x00800103                GPT_pfunTIMER0_2
                0x00800105                GPT_pfunTIMER0_1
 .bss           0x0080013e        0x0 e:/courses/embeeded system iti/iti training programms/atmel studio/extensions/atmel/avrgcc/3.4.1.95/avrtoolchain/bin/../lib/gcc/avr/4.6.2/../../../../avr/lib/avr5\libm.a(addsf3.o)
 .bss           0x0080013e        0x0 e:/courses/embeeded system iti/iti training programms/atmel studio/extensions/atmel/avrgcc/3.4.1.95/avrtoolchain/bin/../lib/gcc/avr/4.6.2/../../../../avr/lib/avr5\libm.a(addsf3x.o)
 .bss           0x0080013e        0x0 e:/courses/embeeded system iti/iti training programms/atmel studio/extensions/atmel/avrgcc/3.4.1.95/avrtoolchain/bin/../lib/gcc/avr/4.6.2/../../../../avr/lib/avr5\libm.a(divsf3.o)
 .bss           0x0080013e        0x0 e:/courses/embeeded system iti/iti training programms/atmel studio/extensions/atmel/avrgcc/3.4.1.95/avrtoolchain/bin/../lib/gcc/avr/4.6.2/../../../../avr/lib/avr5\libm.a(divsf3x.o)
 .bss           0x0080013e        0x0 e:/courses/embeeded system iti/iti training programms/atmel studio/extensions/atmel/avrgcc/3.4.1.95/avrtoolchain/bin/../lib/gcc/avr/4.6.2/../../../../avr/lib/avr5\libm.a(fixunssfsi.o)
 .bss           0x0080013e        0x0 e:/courses/embeeded system iti/iti training programms/atmel studio/extensions/atmel/avrgcc/3.4.1.95/avrtoolchain/bin/../lib/gcc/avr/4.6.2/../../../../avr/lib/avr5\libm.a(floatsisf.o)
 .bss           0x0080013e        0x0 e:/courses/embeeded system iti/iti training programms/atmel studio/extensions/atmel/avrgcc/3.4.1.95/avrtoolchain/bin/../lib/gcc/avr/4.6.2/../../../../avr/lib/avr5\libm.a(fp_inf.o)
 .bss           0x0080013e        0x0 e:/courses/embeeded system iti/iti training programms/atmel studio/extensions/atmel/avrgcc/3.4.1.95/avrtoolchain/bin/../lib/gcc/avr/4.6.2/../../../../avr/lib/avr5\libm.a(fp_nan.o)
 .bss           0x0080013e        0x0 e:/courses/embeeded system iti/iti training programms/atmel studio/extensions/atmel/avrgcc/3.4.1.95/avrtoolchain/bin/../lib/gcc/avr/4.6.2/../../../../avr/lib/avr5\libm.a(fp_pscA.o)
 .bss           0x0080013e        0x0 e:/courses/embeeded system iti/iti training programms/atmel studio/extensions/atmel/avrgcc/3.4.1.95/avrtoolchain/bin/../lib/gcc/avr/4.6.2/../../../../avr/lib/avr5\libm.a(fp_pscB.o)
 .bss           0x0080013e        0x0 e:/courses/embeeded system iti/iti training programms/atmel studio/extensions/atmel/avrgcc/3.4.1.95/avrtoolchain/bin/../lib/gcc/avr/4.6.2/../../../../avr/lib/avr5\libm.a(fp_round.o)
 .bss           0x0080013e        0x0 e:/courses/embeeded system iti/iti training programms/atmel studio/extensions/atmel/avrgcc/3.4.1.95/avrtoolchain/bin/../lib/gcc/avr/4.6.2/../../../../avr/lib/avr5\libm.a(fp_split3.o)
 .bss           0x0080013e        0x0 e:/courses/embeeded system iti/iti training programms/atmel studio/extensions/atmel/avrgcc/3.4.1.95/avrtoolchain/bin/../lib/gcc/avr/4.6.2/../../../../avr/lib/avr5\libm.a(fp_zero.o)
 .bss           0x0080013e        0x0 e:/courses/embeeded system iti/iti training programms/atmel studio/extensions/atmel/avrgcc/3.4.1.95/avrtoolchain/bin/../lib/gcc/avr/4.6.2/../../../../avr/lib/avr5\libm.a(mulsf3.o)
 .bss           0x0080013e        0x0 e:/courses/embeeded system iti/iti training programms/atmel studio/extensions/atmel/avrgcc/3.4.1.95/avrtoolchain/bin/../lib/gcc/avr/4.6.2/../../../../avr/lib/avr5\libm.a(mulsf3x.o)
 .bss           0x0080013e        0x0 e:/courses/embeeded system iti/iti training programms/atmel studio/extensions/atmel/avrgcc/3.4.1.95/avrtoolchain/bin/../lib/gcc/avr/4.6.2/avr5\libgcc.a(_udivmodqi4.o)
 .bss           0x0080013e        0x0 e:/courses/embeeded system iti/iti training programms/atmel studio/extensions/atmel/avrgcc/3.4.1.95/avrtoolchain/bin/../lib/gcc/avr/4.6.2/avr5\libgcc.a(_udivmodsi4.o)
 .bss           0x0080013e        0x0 e:/courses/embeeded system iti/iti training programms/atmel studio/extensions/atmel/avrgcc/3.4.1.95/avrtoolchain/bin/../lib/gcc/avr/4.6.2/avr5\libgcc.a(_exit.o)
 .bss           0x0080013e        0x0 e:/courses/embeeded system iti/iti training programms/atmel studio/extensions/atmel/avrgcc/3.4.1.95/avrtoolchain/bin/../lib/gcc/avr/4.6.2/avr5\libgcc.a(_copy_data.o)
 .bss           0x0080013e        0x0 e:/courses/embeeded system iti/iti training programms/atmel studio/extensions/atmel/avrgcc/3.4.1.95/avrtoolchain/bin/../lib/gcc/avr/4.6.2/avr5\libgcc.a(_clear_bss.o)
 *(.bss*)
 *(COMMON)
 COMMON         0x0080013e        0x8 MCAL/GPT_TIMERS/GPT_prg.o
                0x0080013e                GPT_strISR
                0x00800146                PROVIDE (__bss_end, .)
                0x0000206e                __data_load_start = LOADADDR (.data)
                0x0000210a                __data_load_end = (__data_load_start + SIZEOF (.data))

.noinit         0x00800146        0x0
                0x00800146                PROVIDE (__noinit_start, .)
 *(.noinit*)
                0x00800146                PROVIDE (__noinit_end, .)
                0x00800146                _end = .
                0x00800146                PROVIDE (__heap_start, .)

.eeprom         0x00810000        0x0
 *(.eeprom*)
                0x00810000                __eeprom_end = .

.fuse
 *(.fuse)
 *(.lfuse)
 *(.hfuse)
 *(.efuse)

.lock
 *(.lock*)

.signature
 *(.signature*)

.stab           0x00000000     0x2100
 *(.stab)
 .stab          0x00000000      0x6cc e:/courses/embeeded system iti/iti training programms/atmel studio/extensions/atmel/avrgcc/3.4.1.95/avrtoolchain/bin/../lib/gcc/avr/4.6.2/../../../../avr/lib/avr5/crtm32.o
 .stab          0x000006cc       0x78 e:/courses/embeeded system iti/iti training programms/atmel studio/extensions/atmel/avrgcc/3.4.1.95/avrtoolchain/bin/../lib/gcc/avr/4.6.2/../../../../avr/lib/avr5\libm.a(addsf3.o)
                                 0x84 (size before relaxing)
 .stab          0x00000744      0x4bc e:/courses/embeeded system iti/iti training programms/atmel studio/extensions/atmel/avrgcc/3.4.1.95/avrtoolchain/bin/../lib/gcc/avr/4.6.2/../../../../avr/lib/avr5\libm.a(addsf3x.o)
                                0x4c8 (size before relaxing)
 .stab          0x00000c00       0x48 e:/courses/embeeded system iti/iti training programms/atmel studio/extensions/atmel/avrgcc/3.4.1.95/avrtoolchain/bin/../lib/gcc/avr/4.6.2/../../../../avr/lib/avr5\libm.a(divsf3.o)
                                 0x54 (size before relaxing)
 .stab          0x00000c48      0x510 e:/courses/embeeded system iti/iti training programms/atmel studio/extensions/atmel/avrgcc/3.4.1.95/avrtoolchain/bin/../lib/gcc/avr/4.6.2/../../../../avr/lib/avr5\libm.a(divsf3x.o)
                                0x51c (size before relaxing)
 .stab          0x00001158      0x240 e:/courses/embeeded system iti/iti training programms/atmel studio/extensions/atmel/avrgcc/3.4.1.95/avrtoolchain/bin/../lib/gcc/avr/4.6.2/../../../../avr/lib/avr5\libm.a(fixunssfsi.o)
                                0x24c (size before relaxing)
 .stab          0x00001398      0x318 e:/courses/embeeded system iti/iti training programms/atmel studio/extensions/atmel/avrgcc/3.4.1.95/avrtoolchain/bin/../lib/gcc/avr/4.6.2/../../../../avr/lib/avr5\libm.a(floatsisf.o)
                                0x324 (size before relaxing)
 .stab          0x000016b0       0x78 e:/courses/embeeded system iti/iti training programms/atmel studio/extensions/atmel/avrgcc/3.4.1.95/avrtoolchain/bin/../lib/gcc/avr/4.6.2/../../../../avr/lib/avr5\libm.a(fp_inf.o)
                                 0x84 (size before relaxing)
 .stab          0x00001728       0x54 e:/courses/embeeded system iti/iti training programms/atmel studio/extensions/atmel/avrgcc/3.4.1.95/avrtoolchain/bin/../lib/gcc/avr/4.6.2/../../../../avr/lib/avr5\libm.a(fp_nan.o)
                                 0x60 (size before relaxing)
 .stab          0x0000177c       0x84 e:/courses/embeeded system iti/iti training programms/atmel studio/extensions/atmel/avrgcc/3.4.1.95/avrtoolchain/bin/../lib/gcc/avr/4.6.2/../../../../avr/lib/avr5\libm.a(fp_pscA.o)
                                 0x90 (size before relaxing)
 .stab          0x00001800       0x84 e:/courses/embeeded system iti/iti training programms/atmel studio/extensions/atmel/avrgcc/3.4.1.95/avrtoolchain/bin/../lib/gcc/avr/4.6.2/../../../../avr/lib/avr5\libm.a(fp_pscB.o)
                                 0x90 (size before relaxing)
 .stab          0x00001884       0xfc e:/courses/embeeded system iti/iti training programms/atmel studio/extensions/atmel/avrgcc/3.4.1.95/avrtoolchain/bin/../lib/gcc/avr/4.6.2/../../../../avr/lib/avr5\libm.a(fp_round.o)
                                0x108 (size before relaxing)
 .stab          0x00001980      0x1d4 e:/courses/embeeded system iti/iti training programms/atmel studio/extensions/atmel/avrgcc/3.4.1.95/avrtoolchain/bin/../lib/gcc/avr/4.6.2/../../../../avr/lib/avr5\libm.a(fp_split3.o)
                                0x1e0 (size before relaxing)
 .stab          0x00001b54       0x90 e:/courses/embeeded system iti/iti training programms/atmel studio/extensions/atmel/avrgcc/3.4.1.95/avrtoolchain/bin/../lib/gcc/avr/4.6.2/../../../../avr/lib/avr5\libm.a(fp_zero.o)
                                 0x9c (size before relaxing)
 .stab          0x00001be4       0x48 e:/courses/embeeded system iti/iti training programms/atmel studio/extensions/atmel/avrgcc/3.4.1.95/avrtoolchain/bin/../lib/gcc/avr/4.6.2/../../../../avr/lib/avr5\libm.a(mulsf3.o)
                                 0x54 (size before relaxing)
 .stab          0x00001c2c      0x4d4 e:/courses/embeeded system iti/iti training programms/atmel studio/extensions/atmel/avrgcc/3.4.1.95/avrtoolchain/bin/../lib/gcc/avr/4.6.2/../../../../avr/lib/avr5\libm.a(mulsf3x.o)
                                0x4e0 (size before relaxing)

.stabstr        0x00000000      0x646
 *(.stabstr)
 .stabstr       0x00000000      0x646 e:/courses/embeeded system iti/iti training programms/atmel studio/extensions/atmel/avrgcc/3.4.1.95/avrtoolchain/bin/../lib/gcc/avr/4.6.2/../../../../avr/lib/avr5/crtm32.o

.stab.excl
 *(.stab.excl)

.stab.exclstr
 *(.stab.exclstr)

.stab.index
 *(.stab.index)

.stab.indexstr
 *(.stab.indexstr)

.comment
 *(.comment)

.debug
 *(.debug)

.line
 *(.line)

.debug_srcinfo
 *(.debug_srcinfo)

.debug_sfnames
 *(.debug_sfnames)

.debug_aranges  0x00000000      0x1a0
 *(.debug_aranges)
 .debug_aranges
                0x00000000       0x20 App/Real-Time-Clock.o
 .debug_aranges
                0x00000020       0x20 HAL/7-Segment/SevSegment_prg.o
 .debug_aranges
                0x00000040       0x20 HAL/KeyPad/KEYPAD_prg.o
 .debug_aranges
                0x00000060       0x20 HAL/LCD/LCD_prg.o
 .debug_aranges
                0x00000080       0x20 HAL/PORT/PORT_prg.o
 .debug_aranges
                0x000000a0       0x20 MCAL/DIO/DIO_prg.o
 .debug_aranges
                0x000000c0       0x20 MCAL/Global_Interrupt/Global_Interrupt_prg.o
 .debug_aranges
                0x000000e0       0x20 MCAL/GPT_TIMERS/GPT_prg.o
 .debug_aranges
                0x00000100       0x20 e:/courses/embeeded system iti/iti training programms/atmel studio/extensions/atmel/avrgcc/3.4.1.95/avrtoolchain/bin/../lib/gcc/avr/4.6.2/avr5\libgcc.a(_udivmodqi4.o)
 .debug_aranges
                0x00000120       0x20 e:/courses/embeeded system iti/iti training programms/atmel studio/extensions/atmel/avrgcc/3.4.1.95/avrtoolchain/bin/../lib/gcc/avr/4.6.2/avr5\libgcc.a(_udivmodsi4.o)
 .debug_aranges
                0x00000140       0x20 e:/courses/embeeded system iti/iti training programms/atmel studio/extensions/atmel/avrgcc/3.4.1.95/avrtoolchain/bin/../lib/gcc/avr/4.6.2/avr5\libgcc.a(_exit.o)
 .debug_aranges
                0x00000160       0x20 e:/courses/embeeded system iti/iti training programms/atmel studio/extensions/atmel/avrgcc/3.4.1.95/avrtoolchain/bin/../lib/gcc/avr/4.6.2/avr5\libgcc.a(_copy_data.o)
 .debug_aranges
                0x00000180       0x20 e:/courses/embeeded system iti/iti training programms/atmel studio/extensions/atmel/avrgcc/3.4.1.95/avrtoolchain/bin/../lib/gcc/avr/4.6.2/avr5\libgcc.a(_clear_bss.o)

.debug_pubnames
 *(.debug_pubnames)

.debug_info     0x00000000     0x2058
 *(.debug_info)
 .debug_info    0x00000000      0x58b App/Real-Time-Clock.o
 .debug_info    0x0000058b      0x10b HAL/7-Segment/SevSegment_prg.o
 .debug_info    0x00000696      0x131 HAL/KeyPad/KEYPAD_cfg.o
 .debug_info    0x000007c7      0x1b9 HAL/KeyPad/KEYPAD_prg.o
 .debug_info    0x00000980      0x6f9 HAL/LCD/LCD_prg.o
 .debug_info    0x00001079       0x72 HAL/PORT/PORT_prg.o
 .debug_info    0x000010eb      0x27b MCAL/DIO/DIO_prg.o
 .debug_info    0x00001366       0x90 MCAL/Global_Interrupt/Global_Interrupt_prg.o
 .debug_info    0x000013f6      0x811 MCAL/GPT_TIMERS/GPT_prg.o
 .debug_info    0x00001c07       0xdd e:/courses/embeeded system iti/iti training programms/atmel studio/extensions/atmel/avrgcc/3.4.1.95/avrtoolchain/bin/../lib/gcc/avr/4.6.2/avr5\libgcc.a(_udivmodqi4.o)
 .debug_info    0x00001ce4       0xdd e:/courses/embeeded system iti/iti training programms/atmel studio/extensions/atmel/avrgcc/3.4.1.95/avrtoolchain/bin/../lib/gcc/avr/4.6.2/avr5\libgcc.a(_udivmodsi4.o)
 .debug_info    0x00001dc1       0xdd e:/courses/embeeded system iti/iti training programms/atmel studio/extensions/atmel/avrgcc/3.4.1.95/avrtoolchain/bin/../lib/gcc/avr/4.6.2/avr5\libgcc.a(_exit.o)
 .debug_info    0x00001e9e       0xdd e:/courses/embeeded system iti/iti training programms/atmel studio/extensions/atmel/avrgcc/3.4.1.95/avrtoolchain/bin/../lib/gcc/avr/4.6.2/avr5\libgcc.a(_copy_data.o)
 .debug_info    0x00001f7b       0xdd e:/courses/embeeded system iti/iti training programms/atmel studio/extensions/atmel/avrgcc/3.4.1.95/avrtoolchain/bin/../lib/gcc/avr/4.6.2/avr5\libgcc.a(_clear_bss.o)
 *(.gnu.linkonce.wi.*)

.debug_abbrev   0x00000000      0x94b
 *(.debug_abbrev)
 .debug_abbrev  0x00000000      0x17c App/Real-Time-Clock.o
 .debug_abbrev  0x0000017c       0x9d HAL/7-Segment/SevSegment_prg.o
 .debug_abbrev  0x00000219       0x67 HAL/KeyPad/KEYPAD_cfg.o
 .debug_abbrev  0x00000280       0xd4 HAL/KeyPad/KEYPAD_prg.o
 .debug_abbrev  0x00000354      0x250 HAL/LCD/LCD_prg.o
 .debug_abbrev  0x000005a4       0x32 HAL/PORT/PORT_prg.o
 .debug_abbrev  0x000005d6      0x101 MCAL/DIO/DIO_prg.o
 .debug_abbrev  0x000006d7       0x3f MCAL/Global_Interrupt/Global_Interrupt_prg.o
 .debug_abbrev  0x00000716      0x1d1 MCAL/GPT_TIMERS/GPT_prg.o
 .debug_abbrev  0x000008e7       0x14 e:/courses/embeeded system iti/iti training programms/atmel studio/extensions/atmel/avrgcc/3.4.1.95/avrtoolchain/bin/../lib/gcc/avr/4.6.2/avr5\libgcc.a(_udivmodqi4.o)
 .debug_abbrev  0x000008fb       0x14 e:/courses/embeeded system iti/iti training programms/atmel studio/extensions/atmel/avrgcc/3.4.1.95/avrtoolchain/bin/../lib/gcc/avr/4.6.2/avr5\libgcc.a(_udivmodsi4.o)
 .debug_abbrev  0x0000090f       0x14 e:/courses/embeeded system iti/iti training programms/atmel studio/extensions/atmel/avrgcc/3.4.1.95/avrtoolchain/bin/../lib/gcc/avr/4.6.2/avr5\libgcc.a(_exit.o)
 .debug_abbrev  0x00000923       0x14 e:/courses/embeeded system iti/iti training programms/atmel studio/extensions/atmel/avrgcc/3.4.1.95/avrtoolchain/bin/../lib/gcc/avr/4.6.2/avr5\libgcc.a(_copy_data.o)
 .debug_abbrev  0x00000937       0x14 e:/courses/embeeded system iti/iti training programms/atmel studio/extensions/atmel/avrgcc/3.4.1.95/avrtoolchain/bin/../lib/gcc/avr/4.6.2/avr5\libgcc.a(_clear_bss.o)

.debug_line     0x00000000     0x1060
 *(.debug_line)
 .debug_line    0x00000000      0x31f App/Real-Time-Clock.o
 .debug_line    0x0000031f       0xf0 HAL/7-Segment/SevSegment_prg.o
 .debug_line    0x0000040f       0x5f HAL/KeyPad/KEYPAD_cfg.o
 .debug_line    0x0000046e       0xac HAL/KeyPad/KEYPAD_prg.o
 .debug_line    0x0000051a      0x336 HAL/LCD/LCD_prg.o
 .debug_line    0x00000850       0x45 HAL/PORT/PORT_prg.o
 .debug_line    0x00000895      0x1e7 MCAL/DIO/DIO_prg.o
 .debug_line    0x00000a7c       0x93 MCAL/Global_Interrupt/Global_Interrupt_prg.o
 .debug_line    0x00000b0f      0x270 MCAL/GPT_TIMERS/GPT_prg.o
 .debug_line    0x00000d7f       0x92 e:/courses/embeeded system iti/iti training programms/atmel studio/extensions/atmel/avrgcc/3.4.1.95/avrtoolchain/bin/../lib/gcc/avr/4.6.2/avr5\libgcc.a(_udivmodqi4.o)
 .debug_line    0x00000e11       0xa8 e:/courses/embeeded system iti/iti training programms/atmel studio/extensions/atmel/avrgcc/3.4.1.95/avrtoolchain/bin/../lib/gcc/avr/4.6.2/avr5\libgcc.a(_udivmodsi4.o)
 .debug_line    0x00000eb9       0x88 e:/courses/embeeded system iti/iti training programms/atmel studio/extensions/atmel/avrgcc/3.4.1.95/avrtoolchain/bin/../lib/gcc/avr/4.6.2/avr5\libgcc.a(_exit.o)
 .debug_line    0x00000f41       0x91 e:/courses/embeeded system iti/iti training programms/atmel studio/extensions/atmel/avrgcc/3.4.1.95/avrtoolchain/bin/../lib/gcc/avr/4.6.2/avr5\libgcc.a(_copy_data.o)
 .debug_line    0x00000fd2       0x8e e:/courses/embeeded system iti/iti training programms/atmel studio/extensions/atmel/avrgcc/3.4.1.95/avrtoolchain/bin/../lib/gcc/avr/4.6.2/avr5\libgcc.a(_clear_bss.o)

.debug_frame    0x00000000      0x660
 *(.debug_frame)
 .debug_frame   0x00000000       0x44 App/Real-Time-Clock.o
 .debug_frame   0x00000044       0x3c HAL/7-Segment/SevSegment_prg.o
 .debug_frame   0x00000080       0x94 HAL/KeyPad/KEYPAD_prg.o
 .debug_frame   0x00000114      0x13c HAL/LCD/LCD_prg.o
 .debug_frame   0x00000250       0x24 HAL/PORT/PORT_prg.o
 .debug_frame   0x00000274       0x84 MCAL/DIO/DIO_prg.o
 .debug_frame   0x000002f8       0x34 MCAL/Global_Interrupt/Global_Interrupt_prg.o
 .debug_frame   0x0000032c      0x334 MCAL/GPT_TIMERS/GPT_prg.o

.debug_str      0x00000000      0xcaa
 *(.debug_str)
 .debug_str     0x00000000      0x242 App/Real-Time-Clock.o
                                0x27b (size before relaxing)
 .debug_str     0x00000242       0xc5 HAL/7-Segment/SevSegment_prg.o
                                0x17d (size before relaxing)
 .debug_str     0x00000307       0x79 HAL/KeyPad/KEYPAD_cfg.o
                                0x13e (size before relaxing)
 .debug_str     0x00000380       0xb2 HAL/KeyPad/KEYPAD_prg.o
                                0x1ea (size before relaxing)
 .debug_str     0x00000432      0x1ed HAL/LCD/LCD_prg.o
                                0x341 (size before relaxing)
 .debug_str     0x0000061f       0x24 HAL/PORT/PORT_prg.o
                                 0xdc (size before relaxing)
 .debug_str     0x00000643      0x100 MCAL/DIO/DIO_prg.o
                                0x1d9 (size before relaxing)
 .debug_str     0x00000743       0x48 MCAL/Global_Interrupt/Global_Interrupt_prg.o
                                0x117 (size before relaxing)
 .debug_str     0x0000078b      0x51f MCAL/GPT_TIMERS/GPT_prg.o
                                0x67c (size before relaxing)

.debug_loc      0x00000000     0x1a14
 *(.debug_loc)
 .debug_loc     0x00000000      0x27b App/Real-Time-Clock.o
 .debug_loc     0x0000027b      0x1a1 HAL/7-Segment/SevSegment_prg.o
 .debug_loc     0x0000041c      0x1c6 HAL/KeyPad/KEYPAD_prg.o
 .debug_loc     0x000005e2      0x63d HAL/LCD/LCD_prg.o
 .debug_loc     0x00000c1f      0x422 MCAL/DIO/DIO_prg.o
 .debug_loc     0x00001041      0x9d3 MCAL/GPT_TIMERS/GPT_prg.o

.debug_macinfo
 *(.debug_macinfo)
OUTPUT(Real-Time-Clock.elf elf32-avr)
LOAD linker stubs
